RawFlowFile {
    flows : List [
        0 : RawFlow {
            connections : List [
                0 : RawConnectionChain {
                    parts : List [
                        0 : RawConnectionPart {
                            inPort : RawPort {
                                dataType : NULL ;
                                name : NULL ;
                                sourcePosition : "After '... nections {\n    '" ;
                                type : in ;
                            } ;
                            operationName : NULL ;
                            outPort : NULL ;
                            sourcePosition : "After '... nections {\n    '" ;
                        } ;
                    ] ;
                    sourcePosition : "After '... nections {\n    '" ;
                } ;
                1 : RawConnectionChain {
                    parts : List [
                        0 : RawConnectionPart {
                            inPort : RawPort {
                                dataType : NULL ;
                                name : "in" ;
                                sourcePosition : "After '... ns {\n    ;\n    '" ;
                                type : in ;
                            } ;
                            operationName : NULL ;
                            outPort : NULL ;
                            sourcePosition : "After '... ns {\n    ;\n    '" ;
                        } ;
                    ] ;
                    sourcePosition : "After '... ns {\n    ;\n    '" ;
                } ;
                2 : RawConnectionChain {
                    parts : List [
                        0 : RawConnectionPart {
                            inPort : RawPort {
                                dataType : NULL ;
                                name : "in" ;
                                sourcePosition : "After '... ;\n    in.;\n    '" ;
                                type : in ;
                            } ;
                            operationName : NULL ;
                            outPort : NULL ;
                            sourcePosition : "After '... ;\n    in.;\n    '" ;
                        } ;
                        1 : RawConnectionPart {
                            inPort : NULL ;
                            operationName : NULL ;
                            outPort : RawPort {
                                dataType : NULL ;
                                name : "out" ;
                                sourcePosition : NULL ;
                                type : out ;
                            } ;
                            sourcePosition : "After '...    in.;\n    in.'" ;
                        } ;
                    ] ;
                    sourcePosition : "After '... ;\n    in.;\n    '" ;
                } ;
                3 : RawConnectionChain {
                    parts : List [
                        0 : RawConnectionPart {
                            inPort : RawPort {
                                dataType : NULL ;
                                name : "in" ;
                                sourcePosition : "After '...     in.->;\n    '" ;
                                type : in ;
                            } ;
                            operationName : NULL ;
                            outPort : NULL ;
                            sourcePosition : "After '...     in.->;\n    '" ;
                        } ;
                        1 : RawConnectionPart {
                            inPort : NULL ;
                            operationName : NULL ;
                            outPort : RawPort {
                                dataType : NULL ;
                                name : "out" ;
                                sourcePosition : NULL ;
                                type : out ;
                            } ;
                            sourcePosition : "After '...     in.->;\n    '" ;
                        } ;
                    ] ;
                    sourcePosition : "After '...     in.->;\n    '" ;
                } ;
                4 : RawConnectionChain {
                    parts : List [
                        0 : RawConnectionPart {
                            inPort : RawPort {
                                dataType : NULL ;
                                name : "in" ;
                                sourcePosition : "After '... >;\n    ->;\n    '" ;
                                type : in ;
                            } ;
                            operationName : NULL ;
                            outPort : NULL ;
                            sourcePosition : "After '... >;\n    ->;\n    '" ;
                        } ;
                        1 : RawConnectionPart {
                            inPort : NULL ;
                            operationName : NULL ;
                            outPort : RawPort {
                                dataType : NULL ;
                                name : "out" ;
                                sourcePosition : "After '... \n    ->;\n    ->'" ;
                                type : out ;
                            } ;
                            sourcePosition : "After '... >;\n    ->;\n    '" ;
                        } ;
                    ] ;
                    sourcePosition : "After '... >;\n    ->;\n    '" ;
                } ;
            ] ;
            name : "Connections0" ;
            operations : List [
                0 : RawOperation {
                    configs : List [
                    ] ;
                    creators : List [
                    ] ;
                    getters : List [
                    ] ;
                    name : "doIt" ;
                    setters : List [
                    ] ;
                    sourcePosition : "After '... erations {\n    '" ;
                    type : RawDataType {
                        path : "" ;
                        sourcePosition : "After '... ons {\n    doIt:'" ;
                        type : "Data" ;
                    } ;
                } ;
            ] ;
            ports : List [
                0 : RawPort {
                    dataType : RawDataType {
                        path : "" ;
                        sourcePosition : "After '... ports {\n    in '" ;
                        type : "Data" ;
                    } ;
                    name : "in" ;
                    sourcePosition : "After '... \n  ports {\n    '" ;
                    type : in ;
                } ;
                1 : RawPort {
                    dataType : RawDataType {
                        path : "" ;
                        sourcePosition : "After '...  Data;\n    out '" ;
                        type : "Data" ;
                    } ;
                    name : "out" ;
                    sourcePosition : "After '...   in Data;\n    '" ;
                    type : out ;
                } ;
            ] ;
            sourcePosition : "After 'version 0.1\n\n'" ;
        } ;
        1 : RawFlow {
            connections : List [
                0 : RawConnectionChain {
                    parts : List [
                        0 : RawConnectionPart {
                            inPort : RawPort {
                                dataType : NULL ;
                                name : "in" ;
                                sourcePosition : "After '... nections {\n    '" ;
                                type : in ;
                            } ;
                            operationName : NULL ;
                            outPort : NULL ;
                            sourcePosition : "After '... nections {\n    '" ;
                        } ;
                        1 : RawConnectionPart {
                            inPort : RawPort {
                                dataType : NULL ;
                                name : "in" ;
                                sourcePosition : "After '... ctions {\n    ->'" ;
                                type : in ;
                            } ;
                            operationName : "doIt" ;
                            outPort : NULL ;
                            sourcePosition : "After '... nections {\n    '" ;
                        } ;
                    ] ;
                    sourcePosition : "After '... nections {\n    '" ;
                } ;
                1 : RawConnectionChain {
                    parts : List [
                        0 : RawConnectionPart {
                            inPort : RawPort {
                                dataType : NULL ;
                                name : "in" ;
                                sourcePosition : "After '...  ->(doIt);\n    '" ;
                                type : in ;
                            } ;
                            operationName : NULL ;
                            outPort : NULL ;
                            sourcePosition : "After '...  ->(doIt);\n    '" ;
                        } ;
                        1 : RawConnectionPart {
                            inPort : RawPort {
                                dataType : NULL ;
                                name : "in" ;
                                sourcePosition : "After '... oIt);\n    in.->'" ;
                                type : in ;
                            } ;
                            operationName : "doIt" ;
                            outPort : NULL ;
                            sourcePosition : "After '... (doIt);\n    in.'" ;
                        } ;
                    ] ;
                    sourcePosition : "After '...  ->(doIt);\n    '" ;
                } ;
                2 : RawConnectionChain {
                    parts : List [
                        0 : RawConnectionPart {
                            inPort : NULL ;
                            operationName : "doIt" ;
                            outPort : RawPort {
                                dataType : NULL ;
                                name : "out" ;
                                sourcePosition : "After '... It);\n    (doIt)'" ;
                                type : out ;
                            } ;
                            sourcePosition : "After '... .->(doIt);\n    '" ;
                        } ;
                        1 : RawConnectionPart {
                            inPort : NULL ;
                            operationName : NULL ;
                            outPort : RawPort {
                                dataType : NULL ;
                                name : "out" ;
                                sourcePosition : NULL ;
                                type : out ;
                            } ;
                            sourcePosition : "After '... It);\n    (doIt)'" ;
                        } ;
                    ] ;
                    sourcePosition : "After '... .->(doIt);\n    '" ;
                } ;
                3 : RawConnectionChain {
                    parts : List [
                        0 : RawConnectionPart {
                            inPort : NULL ;
                            operationName : "doIt" ;
                            outPort : RawPort {
                                dataType : NULL ;
                                name : "out" ;
                                sourcePosition : "After '... )->;\n    (doIt)'" ;
                                type : out ;
                            } ;
                            sourcePosition : "After '...  (doIt)->;\n    '" ;
                        } ;
                        1 : RawConnectionPart {
                            inPort : NULL ;
                            operationName : NULL ;
                            outPort : RawPort {
                                dataType : NULL ;
                                name : "out" ;
                                sourcePosition : "After '... >;\n    (doIt)->'" ;
                                type : out ;
                            } ;
                            sourcePosition : "After '... )->;\n    (doIt)'" ;
                        } ;
                    ] ;
                    sourcePosition : "After '...  (doIt)->;\n    '" ;
                } ;
                4 : RawConnectionChain {
                    parts : List [
                        0 : RawConnectionPart {
                            inPort : RawPort {
                                dataType : NULL ;
                                name : "in" ;
                                sourcePosition : "After '... It)->.out;\n    '" ;
                                type : in ;
                            } ;
                            operationName : NULL ;
                            outPort : NULL ;
                            sourcePosition : "After '... It)->.out;\n    '" ;
                        } ;
                        1 : RawConnectionPart {
                            inPort : RawPort {
                                dataType : NULL ;
                                name : "in" ;
                                sourcePosition : "After '... )->.out;\n    ->'" ;
                                type : in ;
                            } ;
                            operationName : "doIt" ;
                            outPort : RawPort {
                                dataType : NULL ;
                                name : "out" ;
                                sourcePosition : "After '... t;\n    ->(doIt)'" ;
                                type : out ;
                            } ;
                            sourcePosition : "After '... It)->.out;\n    '" ;
                        } ;
                        2 : RawConnectionPart {
                            inPort : NULL ;
                            operationName : NULL ;
                            outPort : RawPort {
                                dataType : NULL ;
                                name : "out" ;
                                sourcePosition : NULL ;
                                type : out ;
                            } ;
                            sourcePosition : "After '... t;\n    ->(doIt)'" ;
                        } ;
                    ] ;
                    sourcePosition : "After '... It)->.out;\n    '" ;
                } ;
                5 : RawConnectionChain {
                    parts : List [
                        0 : RawConnectionPart {
                            inPort : RawPort {
                                dataType : NULL ;
                                name : "in" ;
                                sourcePosition : "After '... >(doIt)->;\n    '" ;
                                type : in ;
                            } ;
                            operationName : NULL ;
                            outPort : NULL ;
                            sourcePosition : "After '... >(doIt)->;\n    '" ;
                        } ;
                        1 : RawConnectionPart {
                            inPort : RawPort {
                                dataType : NULL ;
                                name : "in" ;
                                sourcePosition : "After '... t)->;\n    in.->'" ;
                                type : in ;
                            } ;
                            operationName : "doIt" ;
                            outPort : RawPort {
                                dataType : NULL ;
                                name : "out" ;
                                sourcePosition : "After '...  in.->in.(doIt)'" ;
                                type : out ;
                            } ;
                            sourcePosition : "After '... oIt)->;\n    in.'" ;
                        } ;
                        2 : RawConnectionPart {
                            inPort : NULL ;
                            operationName : NULL ;
                            outPort : RawPort {
                                dataType : NULL ;
                                name : "out" ;
                                sourcePosition : "After '... in.(doIt).out->'" ;
                                type : out ;
                            } ;
                            sourcePosition : "After '... ->in.(doIt).out'" ;
                        } ;
                    ] ;
                    sourcePosition : "After '... >(doIt)->;\n    '" ;
                } ;
                6 : RawConnectionChain {
                    parts : List [
                        0 : RawConnectionPart {
                            inPort : RawPort {
                                dataType : NULL ;
                                name : "in" ;
                                sourcePosition : "After '... out->.out;\n    '" ;
                                type : in ;
                            } ;
                            operationName : NULL ;
                            outPort : NULL ;
                            sourcePosition : "After '... out->.out;\n    '" ;
                        } ;
                        1 : RawConnectionPart {
                            inPort : RawPort {
                                dataType : NULL ;
                                name : "in" ;
                                sourcePosition : "After '... t->.out;\n    ->'" ;
                                type : in ;
                            } ;
                            operationName : "doIt" ;
                            outPort : RawPort {
                                dataType : NULL ;
                                name : "out" ;
                                sourcePosition : "After '... t;\n    ->(doIt)'" ;
                                type : out ;
                            } ;
                            sourcePosition : "After '... out->.out;\n    '" ;
                        } ;
                        2 : RawConnectionPart {
                            inPort : RawPort {
                                dataType : NULL ;
                                name : "in" ;
                                sourcePosition : "After '... \n    ->(doIt)->'" ;
                                type : in ;
                            } ;
                            operationName : "doThis" ;
                            outPort : RawPort {
                                dataType : NULL ;
                                name : "out" ;
                                sourcePosition : "After '... doIt)->(doThis)'" ;
                                type : out ;
                            } ;
                            sourcePosition : "After '... t;\n    ->(doIt)'" ;
                        } ;
                        3 : RawConnectionPart {
                            inPort : RawPort {
                                dataType : NULL ;
                                name : "in" ;
                                sourcePosition : "After '... It)->(doThis)->'" ;
                                type : in ;
                            } ;
                            operationName : "doThat" ;
                            outPort : NULL ;
                            sourcePosition : "After '... doIt)->(doThis)'" ;
                        } ;
                    ] ;
                    sourcePosition : "After '... out->.out;\n    '" ;
                } ;
                7 : RawConnectionChain {
                    parts : List [
                        0 : RawConnectionPart {
                            inPort : RawPort {
                                dataType : NULL ;
                                name : "in" ;
                                sourcePosition : "After '... >(doThat);\n    '" ;
                                type : in ;
                            } ;
                            operationName : NULL ;
                            outPort : NULL ;
                            sourcePosition : "After '... >(doThat);\n    '" ;
                        } ;
                        1 : RawConnectionPart {
                            inPort : RawPort {
                                dataType : NULL ;
                                name : "in" ;
                                sourcePosition : "After '... hat);\n    in.->'" ;
                                type : in ;
                            } ;
                            operationName : "doIt" ;
                            outPort : RawPort {
                                dataType : NULL ;
                                name : "out" ;
                                sourcePosition : "After '...     in.->(doIt)'" ;
                                type : out ;
                            } ;
                            sourcePosition : "After '... oThat);\n    in.'" ;
                        } ;
                        2 : RawConnectionPart {
                            inPort : RawPort {
                                dataType : NULL ;
                                name : "in" ;
                                sourcePosition : "After '... .->(doIt).out->'" ;
                                type : in ;
                            } ;
                            operationName : "doThis" ;
                            outPort : RawPort {
                                dataType : NULL ;
                                name : "out" ;
                                sourcePosition : "After '... ).out->(doThis)'" ;
                                type : out ;
                            } ;
                            sourcePosition : "After '... in.->(doIt).out'" ;
                        } ;
                        3 : RawConnectionPart {
                            inPort : RawPort {
                                dataType : NULL ;
                                name : "in" ;
                                sourcePosition : "After '... out->(doThis)->'" ;
                                type : in ;
                            } ;
                            operationName : "doThat" ;
                            outPort : RawPort {
                                dataType : NULL ;
                                name : "out" ;
                                sourcePosition : "After '... s)->in.(doThat)'" ;
                                type : out ;
                            } ;
                            sourcePosition : "After '... ).out->(doThis)'" ;
                        } ;
                        4 : RawConnectionPart {
                            inPort : NULL ;
                            operationName : NULL ;
                            outPort : RawPort {
                                dataType : NULL ;
                                name : "out" ;
                                sourcePosition : "After '... ->in.(doThat)->'" ;
                                type : out ;
                            } ;
                            sourcePosition : "After '... s)->in.(doThat)'" ;
                        } ;
                    ] ;
                    sourcePosition : "After '... >(doThat);\n    '" ;
                } ;
                8 : RawConnectionChain {
                    parts : List [
                        0 : RawConnectionPart {
                            inPort : RawPort {
                                dataType : NULL ;
                                name : "in" ;
                                sourcePosition : "After '... at)->.out;\n    '" ;
                                type : in ;
                            } ;
                            operationName : NULL ;
                            outPort : NULL ;
                            sourcePosition : "After '... at)->.out;\n    '" ;
                        } ;
                        1 : RawConnectionPart {
                            inPort : RawPort {
                                dataType : NULL ;
                                name : "in" ;
                                sourcePosition : "After '... )->.out;\n    ->'" ;
                                type : in ;
                            } ;
                            operationName : "doIt" ;
                            outPort : RawPort {
                                dataType : NULL ;
                                name : "out" ;
                                sourcePosition : "After '...     ->in.(doIt)'" ;
                                type : out ;
                            } ;
                            sourcePosition : "After '... at)->.out;\n    '" ;
                        } ;
                        2 : RawConnectionPart {
                            inPort : RawPort {
                                dataType : NULL ;
                                name : "in" ;
                                sourcePosition : "After '...   ->in.(doIt)->'" ;
                                type : in ;
                            } ;
                            operationName : "doThat" ;
                            outPort : RawPort {
                                dataType : NULL ;
                                name : "out" ;
                                sourcePosition : "After '... t)->in.(doThat)'" ;
                                type : out ;
                            } ;
                            sourcePosition : "After '...     ->in.(doIt)'" ;
                        } ;
                        3 : RawConnectionPart {
                            inPort : RawPort {
                                dataType : NULL ;
                                name : "in" ;
                                sourcePosition : "After '... .(doThat).out->'" ;
                                type : in ;
                            } ;
                            operationName : "doThis" ;
                            outPort : RawPort {
                                dataType : NULL ;
                                name : "out" ;
                                sourcePosition : "After '... ).out->(doThis)'" ;
                                type : out ;
                            } ;
                            sourcePosition : "After '... in.(doThat).out'" ;
                        } ;
                        4 : RawConnectionPart {
                            inPort : NULL ;
                            operationName : NULL ;
                            outPort : RawPort {
                                dataType : NULL ;
                                name : "out" ;
                                sourcePosition : NULL ;
                                type : out ;
                            } ;
                            sourcePosition : "After '... t->(doThis).out'" ;
                        } ;
                    ] ;
                    sourcePosition : "After '... at)->.out;\n    '" ;
                } ;
                9 : RawConnectionChain {
                    parts : List [
                        0 : RawConnectionPart {
                            inPort : NULL ;
                            operationName : "doThis" ;
                            outPort : RawPort {
                                dataType : NULL ;
                                name : "err" ;
                                sourcePosition : "After '... >;\n    (doThis)'" ;
                                type : out ;
                            } ;
                            sourcePosition : "After '... is).out->;\n    '" ;
                        } ;
                        1 : RawConnectionPart {
                            inPort : NULL ;
                            operationName : NULL ;
                            outPort : RawPort {
                                dataType : NULL ;
                                name : "err" ;
                                sourcePosition : "After '...  (doThis).err->'" ;
                                type : out ;
                            } ;
                            sourcePosition : "After '...    (doThis).err'" ;
                        } ;
                    ] ;
                    sourcePosition : "After '... is).out->;\n    '" ;
                } ;
                10 : RawConnectionChain {
                    parts : List [
                        0 : RawConnectionPart {
                            inPort : RawPort {
                                dataType : NULL ;
                                name : "in" ;
                                sourcePosition : "After '... err->.err;\n    '" ;
                                type : in ;
                            } ;
                            operationName : NULL ;
                            outPort : NULL ;
                            sourcePosition : "After '... err->.err;\n    '" ;
                        } ;
                        1 : RawConnectionPart {
                            inPort : RawPort {
                                dataType : NULL ;
                                name : "in2" ;
                                sourcePosition : "After '... .err;\n    in.->'" ;
                                type : in ;
                            } ;
                            operationName : "doThis" ;
                            outPort : NULL ;
                            sourcePosition : "After '... ->.err;\n    in.'" ;
                        } ;
                    ] ;
                    sourcePosition : "After '... err->.err;\n    '" ;
                } ;
            ] ;
            name : "Connections1" ;
            operations : List [
                0 : RawOperation {
                    configs : List [
                    ] ;
                    creators : List [
                    ] ;
                    getters : List [
                    ] ;
                    name : "doIt" ;
                    setters : List [
                    ] ;
                    sourcePosition : "After '... erations {\n    '" ;
                    type : RawDataType {
                        path : "" ;
                        sourcePosition : "After '... ons {\n    doIt:'" ;
                        type : "Data" ;
                    } ;
                } ;
                1 : RawOperation {
                    configs : List [
                    ] ;
                    creators : List [
                    ] ;
                    getters : List [
                    ] ;
                    name : "doThis" ;
                    setters : List [
                    ] ;
                    sourcePosition : "After '... oIt:Data{}\n    '" ;
                    type : RawDataType {
                        path : "" ;
                        sourcePosition : "After '... a{}\n    doThis:'" ;
                        type : "Data" ;
                    } ;
                } ;
                2 : RawOperation {
                    configs : List [
                    ] ;
                    creators : List [
                    ] ;
                    getters : List [
                    ] ;
                    name : "doThat" ;
                    setters : List [
                    ] ;
                    sourcePosition : "After '... his:Data{}\n    '" ;
                    type : RawDataType {
                        path : "" ;
                        sourcePosition : "After '... a{}\n    doThat:'" ;
                        type : "Data" ;
                    } ;
                } ;
            ] ;
            ports : List [
                0 : RawPort {
                    dataType : RawDataType {
                        path : "" ;
                        sourcePosition : "After '... {\n    in  in:  '" ;
                        type : "Data" ;
                    } ;
                    name : "in" ;
                    sourcePosition : "After '... \n  ports {\n    '" ;
                    type : in ;
                } ;
                1 : RawPort {
                    dataType : RawDataType {
                        path : "" ;
                        sourcePosition : "After '... ;\n    out out: '" ;
                        type : "Data" ;
                    } ;
                    name : "out" ;
                    sourcePosition : "After '... in:  Data;\n    '" ;
                    type : out ;
                } ;
                2 : RawPort {
                    dataType : RawDataType {
                        path : "" ;
                        sourcePosition : "After '... ;\n    out err: '" ;
                        type : "Data" ;
                    } ;
                    name : "err" ;
                    sourcePosition : "After '... out: Data;\n    '" ;
                    type : out ;
                } ;
            ] ;
            sourcePosition : "After '... :Data{}\n  }\n}\n\n'" ;
        } ;
    ] ;
    version : RawVersion {
        major : 1 ;
        political : 0 ;
        sourcePosition : "At start" ;
    } ;
}
