RawFlowFile {
    flows : List [
        0 : RawFlow {
            connections : List [
                0 : RawConnectionChain {
                    parts : List [
                        0 : RawConnectionPart {
                            inPort : RawPort {
                                dataType : NULL ;
                                name : "in" ;
                                sourcePosition : "After '...  connections { '" ;
                                type : in ;
                            } ;
                            operationName : NULL ;
                            outPort : NULL ;
                            sourcePosition : "After '...  connections { '" ;
                        } ;
                        1 : RawConnectionPart {
                            inPort : RawPort {
                                dataType : NULL ;
                                name : "in" ;
                                sourcePosition : "After '... onnections { ->'" ;
                                type : in ;
                            } ;
                            operationName : "doIt" ;
                            outPort : NULL ;
                            sourcePosition : "After '...  connections { '" ;
                        } ;
                    ] ;
                    sourcePosition : "After '...  connections { '" ;
                } ;
            ] ;
            name : "Creator" ;
            operations : List [
                0 : RawOperation {
                    configs : List [
                    ] ;
                    creators : List [
                        0 : RawCreator {
                            dataType : RawDataType {
                                path : "" ;
                                sourcePosition : "After '... e createSetter:'" ;
                                type : "SetterData" ;
                            } ;
                            name : "createSetter" ;
                            sourcePosition : "After '... OpType {\n      '" ;
                            type : DATA ;
                        } ;
                        1 : RawCreator {
                            dataType : RawDataType {
                                path : "../blue/bla" ;
                                sourcePosition : "After '...  createBla:    '" ;
                                type : "BlaData" ;
                            } ;
                            name : "createBla" ;
                            sourcePosition : "After '... terData;\n      '" ;
                            type : DATA ;
                        } ;
                        2 : RawCreator {
                            dataType : RawDataType {
                                path : "/flowparser/mini" ;
                                sourcePosition : "After '... ateAbsMini:    '" ;
                                type : "MiniData" ;
                            } ;
                            name : "createAbsMini" ;
                            sourcePosition : "After '... BlaData;\n      '" ;
                            type : DATA ;
                        } ;
                        3 : RawCreator {
                            dataType : RawDataType {
                                path : "../mini" ;
                                sourcePosition : "After '... createRelMini: '" ;
                                type : "MiniData" ;
                            } ;
                            name : "createRelMini" ;
                            sourcePosition : "After '... Data   ;\n      '" ;
                            type : DATA ;
                        } ;
                        4 : RawCreator {
                            dataType : RawDataType {
                                path : "../../flowparser/mini" ;
                                sourcePosition : "After '... ateBigRelMini: '" ;
                                type : "MiniData" ;
                            } ;
                            name : "createBigRelMini" ;
                            sourcePosition : "After '... niData ;\n      '" ;
                            type : DATA ;
                        } ;
                    ] ;
                    getters : List [
                    ] ;
                    name : "doData" ;
                    setters : List [
                    ] ;
                    sourcePosition : "After '... erations {\n    '" ;
                    type : RawDataType {
                        path : "" ;
                        sourcePosition : "After '...  {\n    doData: '" ;
                        type : "OpType" ;
                    } ;
                } ;
                1 : RawOperation {
                    configs : List [
                    ] ;
                    creators : List [
                        0 : RawCreator {
                            dataType : RawDataType {
                                path : "" ;
                                sourcePosition : "After '... fSetter:typeOf('" ;
                                type : "SetterData" ;
                            } ;
                            name : "typeOfSetter" ;
                            sourcePosition : "After '... OpType {\n      '" ;
                            type : TYPE ;
                        } ;
                        1 : RawCreator {
                            dataType : RawDataType {
                                path : "../blue/bla" ;
                                sourcePosition : "After '... Bla: typeOf(   '" ;
                                type : "BlaData" ;
                            } ;
                            name : "typeOfBla" ;
                            sourcePosition : "After '... erData);\n      '" ;
                            type : TYPE ;
                        } ;
                        2 : RawCreator {
                            dataType : RawDataType {
                                path : "/flowparser/mini" ;
                                sourcePosition : "After '... ni: typeOf(    '" ;
                                type : "MiniData" ;
                            } ;
                            name : "typeOfAbsMini" ;
                            sourcePosition : "After '... laData);\n      '" ;
                            type : TYPE ;
                        } ;
                        3 : RawCreator {
                            dataType : RawDataType {
                                path : "../mini" ;
                                sourcePosition : "After '... Mini: typeOf(  '" ;
                                type : "MiniData" ;
                            } ;
                            name : "typeOfRelMini" ;
                            sourcePosition : "After '... iData) ;\n      '" ;
                            type : TYPE ;
                        } ;
                        4 : RawCreator {
                            dataType : RawDataType {
                                path : "../../flowparser/mini" ;
                                sourcePosition : "After '... elMini: typeOf('" ;
                                type : "MiniData" ;
                            } ;
                            name : "typeOfBigRelMini" ;
                            sourcePosition : "After '... Data ) ;\n      '" ;
                            type : TYPE ;
                        } ;
                    ] ;
                    getters : List [
                    ] ;
                    name : "doType" ;
                    setters : List [
                    ] ;
                    sourcePosition : "After '... ta ;\n    }\n    '" ;
                    type : RawDataType {
                        path : "" ;
                        sourcePosition : "After '...  }\n    doType: '" ;
                        type : "OpType" ;
                    } ;
                } ;
            ] ;
            ports : List [
                0 : RawPort {
                    dataType : RawDataType {
                        path : "" ;
                        sourcePosition : "After '... {\n  ports { in '" ;
                        type : "Data" ;
                    } ;
                    name : "in" ;
                    sourcePosition : "After '... or {\n  ports { '" ;
                    type : in ;
                } ;
            ] ;
            sourcePosition : "After 'version 0.1\n\n'" ;
        } ;
    ] ;
    version : RawVersion {
        major : 1 ;
        political : 0 ;
        sourcePosition : "At start" ;
    } ;
}
