RawFlowFile {
    flows : List [
        0 : RawFlow {
            connections : List [
                0 : RawConnectionChain {
                    parts : List [
                        0 : RawConnectionPart {
                            inPort : RawPort {
                                dataType : NULL ;
                                name : "in" ;
                                sourcePosition : "After '...  connections { '" ;
                                type : in ;
                            } ;
                            operationName : NULL ;
                            outPort : NULL ;
                            sourcePosition : "After '...  connections { '" ;
                        } ;
                        1 : RawConnectionPart {
                            inPort : RawPort {
                                dataType : NULL ;
                                name : "in" ;
                                sourcePosition : "After '... onnections { ->'" ;
                                type : in ;
                            } ;
                            operationName : "doIt" ;
                            outPort : NULL ;
                            sourcePosition : "After '...  connections { '" ;
                        } ;
                    ] ;
                    sourcePosition : "After '...  connections { '" ;
                } ;
            ] ;
            name : "Getter" ;
            operations : List [
                0 : RawOperation {
                    configs : List [
                    ] ;
                    creators : List [
                    ] ;
                    getters : List [
                        0 : RawGetter {
                            constValue : RawStr {
                                sourcePosition : "After '... ter getString: '" ;
                                value : "blu\r\ne" ;
                            } ;
                            dataPath : NULL ;
                            name : "getString" ;
                            sourcePosition : "After '... : Data {\n      '" ;
                            type : CONST ;
                        } ;
                        1 : RawGetter {
                            constValue : RawInt {
                                sourcePosition : "After '...  getter getInt:'" ;
                                value : -987700 ;
                            } ;
                            dataPath : NULL ;
                            name : "getInt" ;
                            sourcePosition : "After '... \\r\\ne\" ;\n      '" ;
                            type : CONST ;
                        } ;
                        2 : RawGetter {
                            constValue : RawBool {
                                sourcePosition : "After '... r getBool:     '" ;
                                value : true ;
                            } ;
                            dataPath : NULL ;
                            name : "getBool" ;
                            sourcePosition : "After '... 123___4;\n      '" ;
                            type : CONST ;
                        } ;
                    ] ;
                    name : "doConsts" ;
                    setters : List [
                    ] ;
                    sourcePosition : "After '... erations {\n    '" ;
                    type : RawDataType {
                        path : "" ;
                        sourcePosition : "After '... \n    doConsts: '" ;
                        type : "Data" ;
                    } ;
                } ;
                1 : RawOperation {
                    configs : List [
                    ] ;
                    creators : List [
                    ] ;
                    getters : List [
                        0 : RawGetter {
                            constValue : NULL ;
                            dataPath : RawDataPath {
                                path : List [
                                    0 : "data" ;
                                ] ;
                                sourcePosition : "After '... getter getDat: '" ;
                            } ;
                            name : "getDat" ;
                            sourcePosition : "After '... : Data {\n      '" ;
                            type : PLAIN ;
                        } ;
                        1 : RawGetter {
                            constValue : NULL ;
                            dataPath : RawDataPath {
                                path : List [
                                    0 : "data" ;
                                    1 : "subdata" ;
                                ] ;
                                sourcePosition : "After '... etter getData: '" ;
                            } ;
                            name : "getData" ;
                            sourcePosition : "After '... : data ;\n      '" ;
                            type : PLAIN ;
                        } ;
                        2 : RawGetter {
                            constValue : NULL ;
                            dataPath : RawDataPath {
                                path : List [
                                    0 : "daTa0" ;
                                    1 : "subData1" ;
                                    2 : "subsubsubbyDiDumpty12349" ;
                                ] ;
                                sourcePosition : "After '... tter getDatas: '" ;
                            } ;
                            name : "getDatas" ;
                            sourcePosition : "After '... ubdata ;\n      '" ;
                            type : PLAIN ;
                        } ;
                    ] ;
                    name : "doData" ;
                    setters : List [
                    ] ;
                    sourcePosition : "After '...    ;\n    }\n    '" ;
                    type : RawDataType {
                        path : "" ;
                        sourcePosition : "After '...  }\n    doData: '" ;
                        type : "Data" ;
                    } ;
                } ;
                2 : RawOperation {
                    configs : List [
                    ] ;
                    creators : List [
                    ] ;
                    getters : List [
                        0 : RawGetter {
                            constValue : RawInt {
                                sourcePosition : "After '... From(data.arr, '" ;
                                value : 0 ;
                            } ;
                            dataPath : RawDataPath {
                                path : List [
                                    0 : "data" ;
                                    1 : "arr" ;
                                ] ;
                                sourcePosition : "After '... omArr: getFrom('" ;
                            } ;
                            name : "getFromArr" ;
                            sourcePosition : "After '... : Data {\n      '" ;
                            type : COLLECTION ;
                        } ;
                        1 : RawGetter {
                            constValue : RawStr {
                                sourcePosition : "After '... (  data.map ,  '" ;
                                value : "bla" ;
                            } ;
                            dataPath : RawDataPath {
                                path : List [
                                    0 : "data" ;
                                    1 : "map" ;
                                ] ;
                                sourcePosition : "After '... :  getFrom  (  '" ;
                            } ;
                            name : "getFromMap" ;
                            sourcePosition : "After '... rr, 0) ;\n      '" ;
                            type : COLLECTION ;
                        } ;
                        2 : RawGetter {
                            constValue : RawBool {
                                sourcePosition : "After '... (  data.mad ,  '" ;
                                value : true ;
                            } ;
                            dataPath : RawDataPath {
                                path : List [
                                    0 : "data" ;
                                    1 : "mad" ;
                                ] ;
                                sourcePosition : "After '... :  getFrom  (  '" ;
                            } ;
                            name : "getFromMad" ;
                            sourcePosition : "After '... a\"  )  ;\n      '" ;
                            type : COLLECTION ;
                        } ;
                    ] ;
                    name : "doGetFrom" ;
                    setters : List [
                    ] ;
                    sourcePosition : "After '... 49 ;\n    }\n    '" ;
                    type : RawDataType {
                        path : "" ;
                        sourcePosition : "After '...     doGetFrom: '" ;
                        type : "Data" ;
                    } ;
                } ;
            ] ;
            ports : List [
                0 : RawPort {
                    dataType : RawDataType {
                        path : "" ;
                        sourcePosition : "After '... {\n  ports { in '" ;
                        type : "Data" ;
                    } ;
                    name : "in" ;
                    sourcePosition : "After '... er {\n  ports { '" ;
                    type : in ;
                } ;
            ] ;
            sourcePosition : "After 'version 0.1\n\n'" ;
        } ;
    ] ;
    version : RawVersion {
        major : 1 ;
        political : 0 ;
        sourcePosition : "At start" ;
    } ;
}
