RawFlowFile {
    flows : List [
        0 : RawFlow {
            connections : List [
                0 : RawConnectionChain {
                    parts : List [
                        0 : RawConnectionPart {
                            inPort : RawPort {
                                dataType : NULL ;
                                name : "in" ;
                                sourcePosition : "After '...  connections { '" ;
                                type : in ;
                            } ;
                            operationName : NULL ;
                            outPort : NULL ;
                            sourcePosition : "After '...  connections { '" ;
                        } ;
                        1 : RawConnectionPart {
                            inPort : RawPort {
                                dataType : NULL ;
                                name : "in" ;
                                sourcePosition : "After '... onnections { ->'" ;
                                type : in ;
                            } ;
                            operationName : "doIt" ;
                            outPort : NULL ;
                            sourcePosition : "After '...  connections { '" ;
                        } ;
                    ] ;
                    sourcePosition : "After '...  connections { '" ;
                } ;
            ] ;
            name : "Getter" ;
            operations : List [
                0 : RawOperation {
                    configs : List [
                    ] ;
                    creators : List [
                    ] ;
                    getters : List [
                        0 : RawGetter {
                            constValue : RawStr {
                                sourcePosition : "After '... getter getBla: '" ;
                                value : "bla" ;
                            } ;
                            dataPath : NULL ;
                            name : "getBla" ;
                            sourcePosition : "After '... : Data {\n      '" ;
                            type : CONST ;
                        } ;
                        1 : RawGetter {
                            constValue : RawStr {
                                sourcePosition : "After '... etter getBlue: '" ;
                                value : "blu e" ;
                            } ;
                            dataPath : NULL ;
                            name : "getBlue" ;
                            sourcePosition : "After '...  \"bla\" ;\n      '" ;
                            type : CONST ;
                        } ;
                        2 : RawGetter {
                            constValue : RawStr {
                                sourcePosition : "After '... tter getBlues: '" ;
                                value : "blu\r\ne" ;
                            } ;
                            dataPath : NULL ;
                            name : "getBlues" ;
                            sourcePosition : "After '... blu e\" ;\n      '" ;
                            type : CONST ;
                        } ;
                        3 : RawGetter {
                            constValue : RawStr {
                                sourcePosition : "After '... er getEscapes: '" ;
                                value : "a\rb\nc\tdáˆ´e;f" ;
                            } ;
                            dataPath : NULL ;
                            name : "getEscapes" ;
                            sourcePosition : "After '... \\r\\ne\" ;\n      '" ;
                            type : CONST ;
                        } ;
                    ] ;
                    name : "doStrings" ;
                    setters : List [
                    ] ;
                    sourcePosition : "After '... erations {\n    '" ;
                    type : RawDataType {
                        path : "" ;
                        sourcePosition : "After '...     doStrings: '" ;
                        type : "Data" ;
                    } ;
                } ;
                1 : RawOperation {
                    configs : List [
                    ] ;
                    creators : List [
                    ] ;
                    getters : List [
                        0 : RawGetter {
                            constValue : RawInt {
                                sourcePosition : "After '... etter getDec1: '" ;
                                value : 1234 ;
                            } ;
                            dataPath : NULL ;
                            name : "getDec1" ;
                            sourcePosition : "After '... : Data {\n      '" ;
                            type : CONST ;
                        } ;
                        1 : RawGetter {
                            constValue : RawInt {
                                sourcePosition : "After '... etter getDec2: '" ;
                                value : 1234 ;
                            } ;
                            dataPath : NULL ;
                            name : "getDec2" ;
                            sourcePosition : "After '... 1: 1234;\n      '" ;
                            type : CONST ;
                        } ;
                        2 : RawGetter {
                            constValue : RawInt {
                                sourcePosition : "After '... etter getDec3: '" ;
                                value : 1234 ;
                            } ;
                            dataPath : NULL ;
                            name : "getDec3" ;
                            sourcePosition : "After '...  12__34;\n      '" ;
                            type : CONST ;
                        } ;
                        3 : RawGetter {
                            constValue : RawInt {
                                sourcePosition : "After '... etter getDec4: '" ;
                                value : -1234 ;
                            } ;
                            dataPath : NULL ;
                            name : "getDec4" ;
                            sourcePosition : "After '...  +12_34;\n      '" ;
                            type : CONST ;
                        } ;
                        4 : RawGetter {
                            constValue : RawInt {
                                sourcePosition : "After '... etter getHex1: '" ;
                                value : 1193135 ;
                            } ;
                            dataPath : NULL ;
                            name : "getHex1" ;
                            sourcePosition : "After '... 23___4;\n\n      '" ;
                            type : CONST ;
                        } ;
                        5 : RawGetter {
                            constValue : RawInt {
                                sourcePosition : "After '... etter getHex2: '" ;
                                value : 1844148 ;
                            } ;
                            dataPath : NULL ;
                            name : "getHex2" ;
                            sourcePosition : "After '... x1234aF;\n      '" ;
                            type : CONST ;
                        } ;
                        6 : RawGetter {
                            constValue : RawInt {
                                sourcePosition : "After '... etter getHex3: '" ;
                                value : 1909732 ;
                            } ;
                            dataPath : NULL ;
                            name : "getHex3" ;
                            sourcePosition : "After '... C2__3b4;\n      '" ;
                            type : CONST ;
                        } ;
                        7 : RawGetter {
                            constValue : RawInt {
                                sourcePosition : "After '... etter getHex4: '" ;
                                value : -987700 ;
                            } ;
                            dataPath : NULL ;
                            name : "getHex4" ;
                            sourcePosition : "After '... 1d2_3E4;\n      '" ;
                            type : CONST ;
                        } ;
                        8 : RawGetter {
                            constValue : RawInt {
                                sourcePosition : "After '... etter getBin1: '" ;
                                value : 41 ;
                            } ;
                            dataPath : NULL ;
                            name : "getBin1" ;
                            sourcePosition : "After '... 23___4;\n\n      '" ;
                            type : CONST ;
                        } ;
                        9 : RawGetter {
                            constValue : RawInt {
                                sourcePosition : "After '... etter getBin2: '" ;
                                value : 47 ;
                            } ;
                            dataPath : NULL ;
                            name : "getBin2" ;
                            sourcePosition : "After '... b101001;\n      '" ;
                            type : CONST ;
                        } ;
                        10 : RawGetter {
                            constValue : RawInt {
                                sourcePosition : "After '... etter getBin3: '" ;
                                value : 23 ;
                            } ;
                            dataPath : NULL ;
                            name : "getBin3" ;
                            sourcePosition : "After '... 01__111;\n      '" ;
                            type : CONST ;
                        } ;
                        11 : RawGetter {
                            constValue : RawInt {
                                sourcePosition : "After '... etter getBin4: '" ;
                                value : -9 ;
                            } ;
                            dataPath : NULL ;
                            name : "getBin4" ;
                            sourcePosition : "After '... 010_111;\n      '" ;
                            type : CONST ;
                        } ;
                        12 : RawGetter {
                            constValue : RawInt {
                                sourcePosition : "After '... etter getOct1: '" ;
                                value : 16434824 ;
                            } ;
                            dataPath : NULL ;
                            name : "getOct1" ;
                            sourcePosition : "After '... 0___01;\n\n      '" ;
                            type : CONST ;
                        } ;
                        13 : RawGetter {
                            constValue : RawInt {
                                sourcePosition : "After '... etter getOct2: '" ;
                                value : 17055 ;
                            } ;
                            dataPath : NULL ;
                            name : "getOct2" ;
                            sourcePosition : "After '... 6543210;\n      '" ;
                            type : CONST ;
                        } ;
                        14 : RawGetter {
                            constValue : RawInt {
                                sourcePosition : "After '... etter getOct3: '" ;
                                value : 81418 ;
                            } ;
                            dataPath : NULL ;
                            name : "getOct3" ;
                            sourcePosition : "After '... 41__237;\n      '" ;
                            type : CONST ;
                        } ;
                        15 : RawGetter {
                            constValue : RawInt {
                                sourcePosition : "After '... etter getOct4: '" ;
                                value : -155082 ;
                            } ;
                            dataPath : NULL ;
                            name : "getOct4" ;
                            sourcePosition : "After '... 237_012;\n      '" ;
                            type : CONST ;
                        } ;
                    ] ;
                    name : "doInts" ;
                    setters : List [
                    ] ;
                    sourcePosition : "After '... f\" ;\n    }\n    '" ;
                    type : RawDataType {
                        path : "" ;
                        sourcePosition : "After '...  }\n    doInts: '" ;
                        type : "Data" ;
                    } ;
                } ;
                2 : RawOperation {
                    configs : List [
                    ] ;
                    creators : List [
                    ] ;
                    getters : List [
                        0 : RawGetter {
                            constValue : RawBool {
                                sourcePosition : "After '... etter getTrue: '" ;
                                value : true ;
                            } ;
                            dataPath : NULL ;
                            name : "getTrue" ;
                            sourcePosition : "After '... : Data {\n      '" ;
                            type : CONST ;
                        } ;
                        1 : RawGetter {
                            constValue : RawBool {
                                sourcePosition : "After '... tter getFalse: '" ;
                                value : false ;
                            } ;
                            dataPath : NULL ;
                            name : "getFalse" ;
                            sourcePosition : "After '... : true ;\n      '" ;
                            type : CONST ;
                        } ;
                    ] ;
                    name : "doBools" ;
                    setters : List [
                    ] ;
                    sourcePosition : "After '... _12;\n    }\n    '" ;
                    type : RawDataType {
                        path : "" ;
                        sourcePosition : "After '... }\n    doBools: '" ;
                        type : "Data" ;
                    } ;
                } ;
                3 : RawOperation {
                    configs : List [
                    ] ;
                    creators : List [
                    ] ;
                    getters : List [
                        0 : RawGetter {
                            constValue : NULL ;
                            dataPath : RawDataPath {
                                path : List [
                                    0 : "data" ;
                                ] ;
                                sourcePosition : "After '... getter getDat: '" ;
                            } ;
                            name : "getDat" ;
                            sourcePosition : "After '... : Data {\n      '" ;
                            type : PLAIN ;
                        } ;
                        1 : RawGetter {
                            constValue : NULL ;
                            dataPath : RawDataPath {
                                path : List [
                                    0 : "data" ;
                                    1 : "subdata" ;
                                ] ;
                                sourcePosition : "After '... etter getData: '" ;
                            } ;
                            name : "getData" ;
                            sourcePosition : "After '... : data ;\n      '" ;
                            type : PLAIN ;
                        } ;
                        2 : RawGetter {
                            constValue : NULL ;
                            dataPath : RawDataPath {
                                path : List [
                                    0 : "daTa0" ;
                                    1 : "subData1" ;
                                    2 : "subsubsubbyDiDumpty12349" ;
                                ] ;
                                sourcePosition : "After '... tter getDatas: '" ;
                            } ;
                            name : "getDatas" ;
                            sourcePosition : "After '... ubdata ;\n      '" ;
                            type : PLAIN ;
                        } ;
                    ] ;
                    name : "doData" ;
                    setters : List [
                    ] ;
                    sourcePosition : "After '... se ;\n    }\n    '" ;
                    type : RawDataType {
                        path : "" ;
                        sourcePosition : "After '...  }\n    doData: '" ;
                        type : "Data" ;
                    } ;
                } ;
                4 : RawOperation {
                    configs : List [
                    ] ;
                    creators : List [
                    ] ;
                    getters : List [
                        0 : RawGetter {
                            constValue : RawInt {
                                sourcePosition : "After '... From(data.arr, '" ;
                                value : 0 ;
                            } ;
                            dataPath : RawDataPath {
                                path : List [
                                    0 : "data" ;
                                    1 : "arr" ;
                                ] ;
                                sourcePosition : "After '... omArr: getFrom('" ;
                            } ;
                            name : "getFromArr" ;
                            sourcePosition : "After '... : Data {\n      '" ;
                            type : COLLECTION ;
                        } ;
                        1 : RawGetter {
                            constValue : RawStr {
                                sourcePosition : "After '... (  data.map ,  '" ;
                                value : "bla" ;
                            } ;
                            dataPath : RawDataPath {
                                path : List [
                                    0 : "data" ;
                                    1 : "map" ;
                                ] ;
                                sourcePosition : "After '... :  getFrom  (  '" ;
                            } ;
                            name : "getFromMap" ;
                            sourcePosition : "After '... rr, 0) ;\n      '" ;
                            type : COLLECTION ;
                        } ;
                        2 : RawGetter {
                            constValue : RawBool {
                                sourcePosition : "After '... (  data.mad ,  '" ;
                                value : true ;
                            } ;
                            dataPath : RawDataPath {
                                path : List [
                                    0 : "data" ;
                                    1 : "mad" ;
                                ] ;
                                sourcePosition : "After '... :  getFrom  (  '" ;
                            } ;
                            name : "getFromMad" ;
                            sourcePosition : "After '... a\"  )  ;\n      '" ;
                            type : COLLECTION ;
                        } ;
                    ] ;
                    name : "doGetFrom" ;
                    setters : List [
                    ] ;
                    sourcePosition : "After '... 49 ;\n    }\n    '" ;
                    type : RawDataType {
                        path : "" ;
                        sourcePosition : "After '...     doGetFrom: '" ;
                        type : "Data" ;
                    } ;
                } ;
            ] ;
            ports : List [
                0 : RawPort {
                    dataType : RawDataType {
                        path : "" ;
                        sourcePosition : "After '... {\n  ports { in '" ;
                        type : "Data" ;
                    } ;
                    name : "in" ;
                    sourcePosition : "After '... er {\n  ports { '" ;
                    type : in ;
                } ;
            ] ;
            sourcePosition : "After 'version 0.1\n\n'" ;
        } ;
        1 : RawFlow {
            connections : List [
                0 : RawConnectionChain {
                    parts : List [
                        0 : RawConnectionPart {
                            inPort : RawPort {
                                dataType : NULL ;
                                name : "in" ;
                                sourcePosition : "After '...  connections { '" ;
                                type : in ;
                            } ;
                            operationName : NULL ;
                            outPort : NULL ;
                            sourcePosition : "After '...  connections { '" ;
                        } ;
                        1 : RawConnectionPart {
                            inPort : RawPort {
                                dataType : NULL ;
                                name : "in" ;
                                sourcePosition : "After '... onnections { ->'" ;
                                type : in ;
                            } ;
                            operationName : "doIt" ;
                            outPort : NULL ;
                            sourcePosition : "After '...  connections { '" ;
                        } ;
                    ] ;
                    sourcePosition : "After '...  connections { '" ;
                } ;
            ] ;
            name : "Setter" ;
            operations : List [
                0 : RawOperation {
                    configs : List [
                    ] ;
                    creators : List [
                    ] ;
                    getters : List [
                    ] ;
                    name : "doData" ;
                    setters : List [
                        0 : RawSetter {
                            constValue : NULL ;
                            dataPath : RawDataPath {
                                path : List [
                                    0 : "data" ;
                                ] ;
                                sourcePosition : "After '... setter setDat: '" ;
                            } ;
                            name : "setDat" ;
                            sourcePosition : "After '... : Data {\n      '" ;
                            type : PLAIN ;
                        } ;
                        1 : RawSetter {
                            constValue : NULL ;
                            dataPath : RawDataPath {
                                path : List [
                                    0 : "data" ;
                                    1 : "subdata" ;
                                ] ;
                                sourcePosition : "After '... etter setData: '" ;
                            } ;
                            name : "setData" ;
                            sourcePosition : "After '... : data ;\n      '" ;
                            type : PLAIN ;
                        } ;
                        2 : RawSetter {
                            constValue : NULL ;
                            dataPath : RawDataPath {
                                path : List [
                                    0 : "daTa0" ;
                                    1 : "subData1" ;
                                    2 : "subsubsubbyDiDumpty12349" ;
                                ] ;
                                sourcePosition : "After '... tter setDatas: '" ;
                            } ;
                            name : "setDatas" ;
                            sourcePosition : "After '... ubdata ;\n      '" ;
                            type : PLAIN ;
                        } ;
                    ] ;
                    sourcePosition : "After '... erations {\n    '" ;
                    type : RawDataType {
                        path : "" ;
                        sourcePosition : "After '...  {\n    doData: '" ;
                        type : "Data" ;
                    } ;
                } ;
                1 : RawOperation {
                    configs : List [
                    ] ;
                    creators : List [
                    ] ;
                    getters : List [
                    ] ;
                    name : "doAddTo" ;
                    setters : List [
                        0 : RawSetter {
                            constValue : NULL ;
                            dataPath : RawDataPath {
                                path : List [
                                    0 : "data" ;
                                    1 : "arr" ;
                                ] ;
                                sourcePosition : "After '... ddToArr: addTo('" ;
                            } ;
                            name : "addToArr" ;
                            sourcePosition : "After '... : Data {\n      '" ;
                            type : APPEND ;
                        } ;
                        1 : RawSetter {
                            constValue : NULL ;
                            dataPath : RawDataPath {
                                path : List [
                                    0 : "data" ;
                                    1 : "list" ;
                                ] ;
                                sourcePosition : "After '... st:  addTo  (  '" ;
                            } ;
                            name : "addToList" ;
                            sourcePosition : "After '... a.arr) ;\n      '" ;
                            type : APPEND ;
                        } ;
                        2 : RawSetter {
                            constValue : NULL ;
                            dataPath : RawDataPath {
                                path : List [
                                    0 : "data" ;
                                    1 : "mad" ;
                                ] ;
                                sourcePosition : "After '... ad:  addTo  (  '" ;
                            } ;
                            name : "addToMad" ;
                            sourcePosition : "After '... ist )  ;\n      '" ;
                            type : APPEND ;
                        } ;
                    ] ;
                    sourcePosition : "After '... 49 ;\n    }\n    '" ;
                    type : RawDataType {
                        path : "" ;
                        sourcePosition : "After '... }\n    doAddTo: '" ;
                        type : "Data" ;
                    } ;
                } ;
                2 : RawOperation {
                    configs : List [
                    ] ;
                    creators : List [
                    ] ;
                    getters : List [
                    ] ;
                    name : "doSetTo" ;
                    setters : List [
                        0 : RawSetter {
                            constValue : RawInt {
                                sourcePosition : "After '... etTo(data.arr, '" ;
                                value : 0 ;
                            } ;
                            dataPath : RawDataPath {
                                path : List [
                                    0 : "data" ;
                                    1 : "arr" ;
                                ] ;
                                sourcePosition : "After '... tToList: setTo('" ;
                            } ;
                            name : "setToList" ;
                            sourcePosition : "After '... : Data {\n      '" ;
                            type : COLLECTION ;
                        } ;
                        1 : RawSetter {
                            constValue : RawStr {
                                sourcePosition : "After '... (  data.map ,  '" ;
                                value : "bla" ;
                            } ;
                            dataPath : RawDataPath {
                                path : List [
                                    0 : "data" ;
                                    1 : "map" ;
                                ] ;
                                sourcePosition : "After '... ap:  setTo  (  '" ;
                            } ;
                            name : "setToMap" ;
                            sourcePosition : "After '... rr, 0) ;\n      '" ;
                            type : COLLECTION ;
                        } ;
                        2 : RawSetter {
                            constValue : RawBool {
                                sourcePosition : "After '... (  data.mad ,  '" ;
                                value : true ;
                            } ;
                            dataPath : RawDataPath {
                                path : List [
                                    0 : "data" ;
                                    1 : "mad" ;
                                ] ;
                                sourcePosition : "After '... ad:  setTo  (  '" ;
                            } ;
                            name : "setToMad" ;
                            sourcePosition : "After '... a\"  )  ;\n      '" ;
                            type : COLLECTION ;
                        } ;
                    ] ;
                    sourcePosition : "After '... )  ;\n    }\n    '" ;
                    type : RawDataType {
                        path : "" ;
                        sourcePosition : "After '... }\n    doSetTo: '" ;
                        type : "Data" ;
                    } ;
                } ;
            ] ;
            ports : List [
                0 : RawPort {
                    dataType : RawDataType {
                        path : "" ;
                        sourcePosition : "After '... {\n  ports { in '" ;
                        type : "Data" ;
                    } ;
                    name : "in" ;
                    sourcePosition : "After '... er {\n  ports { '" ;
                    type : in ;
                } ;
            ] ;
            sourcePosition : "After '... ;\n    }\n  }\n}\n\n'" ;
        } ;
    ] ;
    version : RawVersion {
        major : 1 ;
        political : 0 ;
        sourcePosition : "At start" ;
    } ;
}
