[graphviz, Connections1, svg]
....
digraph Connections1 {
  rankdir=LR;
  node [shape=Mrecord,style=filled,fillcolor="#428bca",rank=same];

  doIt [label="doIt\n(DoIt)|{ <in> in|<out> out }|{ <i2> i2|<o3> o3 }|{ |<o2> o2 }|{ |<o4> o4 }|{ |<o1> o1 }|{ |<o5> o5 }"] ;
  doThis [label="doThis\n(DoThis)|{ <in> in|<out> out }|{ <in2> in2|<o1> o1 }|{ |<o2> o2 }|{ |<err> err }"] ;
  doThat [label="doThat\n(DoesThat)|{ <in> in|<out> out }|{ <i2> i2|<o1> o1 }"] ;
  doesThat [label="doesThat\n(DoesThat)|{ <in2> in2|<o2> o2 }"] ;

  node [shape=plaintext,style=plain,rank=same];

  "in" -> doIt:in ;
  "in" -> doIt:in [label="FlowData"] ;
  "i1" -> doIt:in ;
  doIt:out -> "out" ;
  doIt:o3 -> "o1" ;
  "in" -> doIt:in ;
  doIt:out -> "out" ;
  "i2" -> doIt:i2 ;
  doIt:o2 -> "o2" ;
  "in" -> doIt:in ;
  doIt:o4 -> doThis:in [label="FlowData1"] ;
  doThis:out -> doThat:in ;
  "i1" -> doIt:in ;
  doIt:o1 -> doThis:in [label="FlowData2"] ;
  doThis:o1 -> doThat:i2 ;
  doThat:out -> "o2" ;
  "i2" -> doIt:i2 ;
  doIt:o5 -> doThat:i2 ;
  doThat:o1 -> doThis:in ;
  doThis:o2 -> "o2" ;
  doThis:err -> "err" ;
  "i3" -> doThis:in2 ;
  "i4" -> doesThat:in2 [label="FlowData"] ;
  doesThat:o2 -> "o2" [label="FlowData2"] ;
}
....

[graphviz, NumberedPorts, svg]
....
digraph NumberedPorts {
  rankdir=LR;
  node [shape=Mrecord,style=filled,fillcolor="#428bca",rank=same];

  doIt [label="doIt\n()|{ <in> in|<out> out }|{ <subIn.0> subIn.0|<subOut.0> subOut.0 }|{ <subIn.1> subIn.1|<subOut.1> subOut.1 }|{ <subIn.2> subIn.2|<subOut.2> subOut.2 }"] ;
  doThis [label="doThis\n()|{ <in> in|<out> out }|{ <subIn.0> subIn.0|<subOut.0> subOut.0 }|{ <subIn.1> subIn.1|<subOut.1> subOut.1 }|{ <subIn.2> subIn.2|<subOut.2> subOut.2 }"] ;
  doThat [label="doThat\n()|{ <in> in|<out> out }|{ <subIn.0> subIn.0|<subOut.0> subOut.0 }|{ <subIn.1> subIn.1|<subOut.1> subOut.1 }|{ <subIn.2> subIn.2|<subOut.2> subOut.2 }"] ;

  node [shape=plaintext,style=plain,rank=same];

  "in" -> doIt:in ;
  doIt:out -> doThis:in ;
  doThis:out -> doThat:in ;
  doThat:out -> "out" ;
  "subIn.0" -> doIt:subIn.0 ;
  doIt:subOut.0 -> doThis:subIn.0 ;
  doThis:subOut.0 -> doThat:subIn.0 ;
  doThat:subOut.0 -> "subOut.0" ;
  "subIn.1" -> doIt:subIn.1 ;
  doIt:subOut.1 -> doThis:subIn.1 ;
  doThis:subOut.1 -> doThat:subIn.1 ;
  doThat:subOut.1 -> "subOut.1" ;
  "subIn.2" -> doIt:subIn.2 ;
  doIt:subOut.2 -> doThis:subIn.2 ;
  doThis:subOut.2 -> doThat:subIn.2 ;
  doThat:subOut.2 -> "subOut.2" ;
}
....

