package ;

public Connections1 {
}

package ;

public NumberedPorts {
}

