package ;


public class Mini {
    private final DoIt doIt;

    public Mini() {
        doIt = new DoIt();

        createConnections();
        initConfig();
    }

    private void createConnections() {
    }

    private void initConfig() {
    }

    public Port<> getInPort() {
        return doIt.getInPort();
    }

}

