[graphviz, Mini, svg]
....
digraph Mini {
  rankdir=LR;
  node [shape=Mrecord,style=filled,fillcolor="#428bca",rank=same];

  doIt [label="doIt\n(DoIt)|{ <in> in| }"] ;

  node [shape=plaintext,style=plain,rank=same];

  "in" -> doIt:in ;
}
....

