FlowFile {
    fileName : "mini.flow" ;
    flows : List [
        0 : Flow {
            connections : List [
                0 : Connection {
                    capFromPort : "In" ;
                    capToPort : "In" ;
                    dataType : NULL ;
                    fromOp : NULL ;
                    fromPort : "in" ;
                    showDataType : false ;
                    toOp : "doIt" ;
                    toPort : "in" ;
                } ;
            ] ;
            name : "Mini" ;
            operations : List [
                0 : Operation {
                    name : "doIt" ;
                    ports : List [
                        0 : PortPair {
                            inPort : "in" ;
                            isLast : true ;
                            outPort : NULL ;
                        } ;
                    ] ;
                    type : "DoIt" ;
                } ;
            ] ;
        } ;
    ] ;
    version : Version {
        major : 1 ;
        political : 0 ;
    } ;
}
